// Jest Snapshot v1, https://goo.gl/fbAQLP

exports[`getTokenInfo should clear cache for error case 1`] = `
[
  [
    "failed to request tokenInfo",
    {
      "err": "",
      "responseCode": undefined,
      "responseText": undefined,
    },
  ],
]
`;

exports[`getTokenInfo should handle error 1`] = `
[
  [
    "failed to request tokenInfo",
    {
      "err": "",
      "responseCode": undefined,
      "responseText": undefined,
    },
  ],
]
`;
