// Jest Snapshot v1, https://goo.gl/fbAQLP

exports[`getAuthContext should clear cache for error case 1`] = `
[
  [
    "failed to request authContext",
    {
      "err": "",
      "responseCode": undefined,
      "responseText": undefined,
      "tenantId": "cc0edebc-58df-44ab-ab1f-1cee383b423e",
    },
  ],
]
`;

exports[`getAuthContext should handle error 1`] = `
[
  [
    "failed to request authContext",
    {
      "err": "",
      "responseCode": undefined,
      "responseText": undefined,
      "tenantId": "cc0edebc-58df-44ab-ab1f-1cee383b423e",
    },
  ],
]
`;
