// Jest Snapshot v1, https://goo.gl/fbAQLP

exports[`event-queue outbox monkeyPatchCAPOutbox=true map all available outbox fields 1`] = `""{\\"contextUser\\":\\"anonymous\\",\\"_fromSend\\":true,\\"event\\":\\"sendFiori\\",\\"data\\":{\\"to\\":\\"to\\",\\"subject\\":\\"subject\\",\\"body\\":\\"body\\"},\\"headers\\":{}}""`;

exports[`event-queue outbox monkeyPatchCAPOutbox=true should store correct user of original context 1`] = `
{
  "_fromSend": true,
  "contextUser": "badman",
  "data": {
    "body": "body",
    "subject": "subject",
    "to": "to",
  },
  "event": "sendFiori",
  "headers": {},
}
`;
