// Jest Snapshot v1, https://goo.gl/fbAQLP

exports[`initialize read yaml config file 1`] = `
[
  {
    "_appInstancesMap": null,
    "_appNameContainsRegex": null,
    "_appNameMap": null,
    "checkForNextChunk": true,
    "impl": "./srv/notification/EventQueueNotificationProcessor",
    "increasePriorityOverTime": true,
    "inheritTraceContext": true,
    "keepAliveInterval": 60000,
    "keepAliveMaxInProgressTime": 210000,
    "load": 40,
    "parallelEventProcessing": 5,
    "priority": "medium",
    "subType": "Task",
    "type": "Notifications",
  },
  {
    "_appInstancesMap": null,
    "_appNameContainsRegex": null,
    "_appNameMap": null,
    "checkForNextChunk": true,
    "impl": "./srv/businessLogs/EventQueueBusinessLogProcessor",
    "increasePriorityOverTime": true,
    "inheritTraceContext": true,
    "keepAliveInterval": 60000,
    "keepAliveMaxInProgressTime": 210000,
    "load": 10,
    "parallelEventProcessing": 1,
    "priority": "medium",
    "subType": "CommunicationSystem",
    "type": "BusinessLogs",
  },
]
`;
