// Jest Snapshot v1, https://goo.gl/fbAQLP

exports[`eventQueue Redis Events and DB Handlers publish event throws an error 1`] = `
[
  [
    "publish event failed with error: Error: publish failed",
    {
      "subType": "Task",
      "tenantId": undefined,
      "type": "Notifications",
    },
  ],
]
`;
