// Jest Snapshot v1, https://goo.gl/fbAQLP

exports[`redisRunner db 1`] = `
{
  "9f3ed8f0-8aaf-439e-a96a-04cd5b680c59": {
    "numberOfChecks": 2,
    "values": [
      true,
      false,
    ],
  },
  "cd805323-879c-4bf7-b19c-8ffbbee22e1f": {
    "numberOfChecks": 2,
    "values": [
      true,
      false,
    ],
  },
  "e9bb8ec0-c85e-4035-b7cf-1b11ba8e5792": {
    "numberOfChecks": 2,
    "values": [
      true,
      false,
    ],
  },
}
`;

exports[`redisRunner redis 1`] = `
{
  "9f3ed8f0-8aaf-439e-a96a-04cd5b680c59": {
    "numberOfChecks": 2,
    "values": [
      true,
      false,
    ],
  },
  "cd805323-879c-4bf7-b19c-8ffbbee22e1f": {
    "numberOfChecks": 2,
    "values": [
      true,
      false,
    ],
  },
  "e9bb8ec0-c85e-4035-b7cf-1b11ba8e5792": {
    "numberOfChecks": 2,
    "values": [
      true,
      false,
    ],
  },
}
`;
